// Jest Snapshot v1, https://goo.gl/fbAQLP

exports[`<TableRow /> should match the snapshot 1`] = `
<tr>
  <td
    key="1id"
  >
    1
  </td>
  <td
    key="1amount"
  >
    85.91
  </td>
  <td
    key="1date"
  >
    2012-2-2
  </td>
  <td
    key="1business"
  >
    Bode - Kreiger
  </td>
  <td
    key="1name"
  >
    Savings Account 6670
  </td>
  <td
    key="1type"
  >
    withdrawal
  </td>
  <td
    key="1account"
  >
    86389677
  </td>
</tr>
`;
